[{"kind": "Listing", "data": {"modhash": "", "children": [{"kind": "t3", "data": {"contest_mode": false, "banned_by": null, "media_embed": {}, "subreddit": "ffxiv", "selftext_html": null, "selftext": "", "likes": null, "suggested_sort": null, "user_reports": [], "secure_media": null, "link_flair_text": "[Spoiler]", "id": "65pzve", "gilded": 0, "secure_media_embed": {}, "clicked": false, "score": 55, "report_reasons": null, "author": "Noxeron", "saved": false, "mod_reports": [], "name": "t3_65pzve", "subreddit_name_prefixed": "r/ffxiv", "approved_by": null, "over_18": false, "domain": "i.redd.it", "hidden": false, "preview": {"images": [{"source": {"url": "https://i.redditmedia.com/zRQPRrJLQdLqqs9yWjPtUV-stJXzz9W0ybTmei9xlMs.png?s=f345d5147fc27b0befce98e66505aed7", "width": 1920, "height": 1080}, "resolutions": [{"url": "https://i.redditmedia.com/zRQPRrJLQdLqqs9yWjPtUV-stJXzz9W0ybTmei9xlMs.png?fit=crop&amp;crop=faces%2Centropy&amp;arh=2&amp;w=108&amp;s=08b663413bbbbcb2bc0716cd243fbd37", "width": 108, "height": 60}, {"url": "https://i.redditmedia.com/zRQPRrJLQdLqqs9yWjPtUV-stJXzz9W0ybTmei9xlMs.png?fit=crop&amp;crop=faces%2Centropy&amp;arh=2&amp;w=216&amp;s=df2c2ad6bf3f44ddd7093a52ec8a7fd9", "width": 216, "height": 121}, {"url": "https://i.redditmedia.com/zRQPRrJLQdLqqs9yWjPtUV-stJXzz9W0ybTmei9xlMs.png?fit=crop&amp;crop=faces%2Centropy&amp;arh=2&amp;w=320&amp;s=264f5fcfbc1de2e0b841e558e8e4d5a0", "width": 320, "height": 180}, {"url": "https://i.redditmedia.com/zRQPRrJLQdLqqs9yWjPtUV-stJXzz9W0ybTmei9xlMs.png?fit=crop&amp;crop=faces%2Centropy&amp;arh=2&amp;w=640&amp;s=9e2bbc26fc6b39294cec7598e64faf14", "width": 640, "height": 360}, {"url": "https://i.redditmedia.com/zRQPRrJLQdLqqs9yWjPtUV-stJXzz9W0ybTmei9xlMs.png?fit=crop&amp;crop=faces%2Centropy&amp;arh=2&amp;w=960&amp;s=8eecb4f383daacf7dafa0a98cbbfffb9", "width": 960, "height": 540}, {"url": "https://i.redditmedia.com/zRQPRrJLQdLqqs9yWjPtUV-stJXzz9W0ybTmei9xlMs.png?fit=crop&amp;crop=faces%2Centropy&amp;arh=2&amp;w=1080&amp;s=b95bcacd82ba63839300eb2ca93d9f7a", "width": 1080, "height": 607}], "variants": {"obfuscated": {"source": {"url": "https://i.redditmedia.com/zRQPRrJLQdLqqs9yWjPtUV-stJXzz9W0ybTmei9xlMs.png?fm=png&amp;blur=600&amp;px=32&amp;s=77f08f118e214368dcfddd5b4691d228", "width": 1920, "height": 1080}, "resolutions": [{"url": "https://i.redditmedia.com/zRQPRrJLQdLqqs9yWjPtUV-stJXzz9W0ybTmei9xlMs.png?fit=crop&amp;crop=faces%2Centropy&amp;arh=2&amp;w=108&amp;fm=png&amp;blur=600&amp;px=32&amp;s=15b317db8a6252e6e1281b5aa77ab6ee", "width": 108, "height": 60}, {"url": "https://i.redditmedia.com/zRQPRrJLQdLqqs9yWjPtUV-stJXzz9W0ybTmei9xlMs.png?fit=crop&amp;crop=faces%2Centropy&amp;arh=2&amp;w=216&amp;fm=png&amp;blur=600&amp;px=32&amp;s=096157d7a64f3d6401c57af4200cc4b5", "width": 216, "height": 121}, {"url": "https://i.redditmedia.com/zRQPRrJLQdLqqs9yWjPtUV-stJXzz9W0ybTmei9xlMs.png?fit=crop&amp;crop=faces%2Centropy&amp;arh=2&amp;w=320&amp;fm=png&amp;blur=600&amp;px=32&amp;s=d14072a720de71edbac2c08563ea5d9a", "width": 320, "height": 180}, {"url": "https://i.redditmedia.com/zRQPRrJLQdLqqs9yWjPtUV-stJXzz9W0ybTmei9xlMs.png?fit=crop&amp;crop=faces%2Centropy&amp;arh=2&amp;w=640&amp;fm=png&amp;blur=600&amp;px=32&amp;s=381d999a6ecd29c353130a7e03574549", "width": 640, "height": 360}, {"url": "https://i.redditmedia.com/zRQPRrJLQdLqqs9yWjPtUV-stJXzz9W0ybTmei9xlMs.png?fit=crop&amp;crop=faces%2Centropy&amp;arh=2&amp;w=960&amp;fm=png&amp;blur=600&amp;px=32&amp;s=1689ff9bf4ca4464e70eb31c7c8d7cc2", "width": 960, "height": 540}, {"url": "https://i.redditmedia.com/zRQPRrJLQdLqqs9yWjPtUV-stJXzz9W0ybTmei9xlMs.png?fit=crop&amp;crop=faces%2Centropy&amp;arh=2&amp;w=1080&amp;fm=png&amp;blur=600&amp;px=32&amp;s=cc4f493ec51b7b2f03f10f5ee5ef4e0f", "width": 1080, "height": 607}]}}, "id": "yVMEC9kowyQVEfYCySJpIg--JfJe-bBL7-M2BGgZmrQ"}], "enabled": true}, "thumbnail": "spoiler", "subreddit_id": "t5_2rgs7", "edited": false, "link_flair_css_class": "spoiler", "author_flair_css_class": "sam-sprite", "downs": 0, "brand_safe": true, "archived": false, "removal_reason": null, "post_hint": "image", "is_self": false, "hide_score": false, "spoiler": true, "permalink": "/r/ffxiv/comments/65pzve/its_much_smaller_than_i_expected/", "num_reports": null, "locked": false, "stickied": false, "created": 1492389434.0, "url": "https://i.redd.it/41h3nbmh0yry.png", "author_flair_text": "SAM", "quarantine": false, "title": "It's much smaller than I expected", "created_utc": 1492360634.0, "distinguished": null, "media": null, "upvote_ratio": 0.82, "num_comments": 25, "visited": false, "subreddit_type": "public", "ups": 55}}], "after": null, "before": null}}, {"kind": "Listing", "data": {"modhash": "", "children": [{"kind": "t1", "data": {"subreddit_id": "t5_2rgs7", "removal_reason": null, "link_id": "t3_65pzve", "likes": null, "replies": {"kind": "Listing", "data": {"modhash": "", "children": [{"kind": "t1", "data": {"subreddit_id": "t5_2rgs7", "removal_reason": null, "link_id": "t3_65pzve", "likes": null, "replies": "", "user_reports": [], "id": "dgdmb99", "gilded": 0, "archived": false, "score": 2, "report_reasons": null, "author": "legenwait", "parent_id": "t1_dgcbb9l", "subreddit_name_prefixed": "r/ffxiv", "controversiality": 0, "body": "Haha!", "edited": false, "downs": 0, "body_html": "&lt;div class=\"md\"&gt;&lt;p&gt;Haha!&lt;/p&gt;\n&lt;/div&gt;", "subreddit": "ffxiv", "name": "t1_dgdmb99", "score_hidden": false, "stickied": false, "created": 1492471598.0, "created_utc": 1492442798.0, "depth": 1, "mod_reports": [], "subreddit_type": "public", "ups": 2}}], "after": null, "before": null}}, "user_reports": [], "id": "dgcbb9l", "gilded": 0, "archived": false, "score": 63, "report_reasons": null, "author": "dehydrogen", "parent_id": "t3_65pzve", "subreddit_name_prefixed": "r/ffxiv", "controversiality": 0, "body": "That's because a lalafell made it. ", "edited": false, "downs": 0, "body_html": "&lt;div class=\"md\"&gt;&lt;p&gt;That&amp;#39;s because a lalafell made it. &lt;/p&gt;\n&lt;/div&gt;", "subreddit": "ffxiv", "name": "t1_dgcbb9l", "score_hidden": false, "stickied": false, "created": 1492393178.0, "created_utc": 1492364378.0, "depth": 0, "mod_reports": [], "subreddit_type": "public", "ups": 63}}, {"kind": "t1", "data": {"subreddit_id": "t5_2rgs7", "removal_reason": null, "link_id": "t3_65pzve", "likes": null, "replies": {"kind": "Listing", "data": {"modhash": "", "children": [{"kind": "t1", "data": {"subreddit_id": "t5_2rgs7", "removal_reason": null, "link_id": "t3_65pzve", "likes": null, "replies": {"kind": "Listing", "data": {"modhash": "", "children": [{"kind": "t1", "data": {"subreddit_id": "t5_2rgs7", "removal_reason": null, "link_id": "t3_65pzve", "likes": null, "replies": {"kind": "Listing", "data": {"modhash": "", "children": [{"kind": "t1", "data": {"subreddit_id": "t5_2rgs7", "removal_reason": null, "link_id": "t3_65pzve", "likes": null, "replies": {"kind": "Listing", "data": {"modhash": "", "children": [{"kind": "t1", "data": {"subreddit_id": "t5_2rgs7", "removal_reason": null, "link_id": "t3_65pzve", "likes": null, "replies": {"kind": "Listing", "data": {"modhash": "", "children": [{"kind": "t1", "data": {"subreddit_id": "t5_2rgs7", "removal_reason": null, "link_id": "t3_65pzve", "likes": null, "replies": {"kind": "Listing", "data": {"modhash": "", "children": [{"kind": "t1", "data": {"subreddit_id": "t5_2rgs7", "removal_reason": null, "link_id": "t3_65pzve", "likes": null, "replies": "", "user_reports": [], "id": "dgcy2ec", "gilded": 0, "archived": false, "score": 3, "report_reasons": null, "author": "PaveHammer", "parent_id": "t1_dgcp5dp", "subreddit_name_prefixed": "r/ffxiv", "controversiality": 0, "body": "BLAST!  My dimension-related memory was incorrect.  It was TWO OTHER SEXUALLY MOTIVATED THREADS THAT u/Leggerless CREATED!\n\nhttps://www.reddit.com/r/ffxiv/comments/641jka/girths_of_eorzea/\n\nhttps://www.reddit.com/r/ffxiv/comments/63m61t/vaginal_depths_of_eorzea/", "edited": false, "downs": 0, "body_html": "&lt;div class=\"md\"&gt;&lt;p&gt;BLAST!  My dimension-related memory was incorrect.  It was TWO OTHER SEXUALLY MOTIVATED THREADS THAT &lt;a href=\"/u/Leggerless\"&gt;u/Leggerless&lt;/a&gt; CREATED!&lt;/p&gt;\n\n&lt;p&gt;&lt;a href=\"https://www.reddit.com/r/ffxiv/comments/641jka/girths_of_eorzea/\"&gt;https://www.reddit.com/r/ffxiv/comments/641jka/girths_of_eorzea/&lt;/a&gt;&lt;/p&gt;\n\n&lt;p&gt;&lt;a href=\"https://www.reddit.com/r/ffxiv/comments/63m61t/vaginal_depths_of_eorzea/\"&gt;https://www.reddit.com/r/ffxiv/comments/63m61t/vaginal_depths_of_eorzea/&lt;/a&gt;&lt;/p&gt;\n&lt;/div&gt;", "subreddit": "ffxiv", "name": "t1_dgcy2ec", "score_hidden": false, "stickied": false, "created": 1492423463.0, "created_utc": 1492394663.0, "depth": 6, "mod_reports": [], "subreddit_type": "public", "ups": 3}}, {"kind": "t1", "data": {"subreddit_id": "t5_2rgs7", "removal_reason": null, "link_id": "t3_65pzve", "likes": null, "replies": {"kind": "Listing", "data": {"modhash": "", "children": [{"kind": "t1", "data": {"subreddit_id": "t5_2rgs7", "removal_reason": null, "link_id": "t3_65pzve", "likes": null, "replies": "", "user_reports": [], "id": "dgdegfw", "gilded": 0, "archived": false, "score": 1, "report_reasons": null, "author": "Limes_Bites", "parent_id": "t1_dgcssrb", "subreddit_name_prefixed": "r/ffxiv", "controversiality": 0, "body": "It was two different people, but they worked together to gather the data ^ ^", "edited": false, "downs": 0, "body_html": "&lt;div class=\"md\"&gt;&lt;p&gt;It was two different people, but they worked together to gather the data ^ ^&lt;/p&gt;\n&lt;/div&gt;", "subreddit": "ffxiv", "name": "t1_dgdegfw", "score_hidden": false, "stickied": false, "created": 1492459681.0, "created_utc": 1492430881.0, "depth": 7, "mod_reports": [], "subreddit_type": "public", "ups": 1}}], "after": null, "before": null}}, "user_reports": [], "id": "dgcssrb", "gilded": 0, "archived": false, "score": 2, "report_reasons": null, "author": "Leggerless", "parent_id": "t1_dgcp5dp", "subreddit_name_prefixed": "r/ffxiv", "controversiality": 0, "body": "He's right. Two different people.\n\nOther person was a Primal database user too...?", "edited": false, "downs": 0, "body_html": "&lt;div class=\"md\"&gt;&lt;p&gt;He&amp;#39;s right. Two different people.&lt;/p&gt;\n\n&lt;p&gt;Other person was a Primal database user too...?&lt;/p&gt;\n&lt;/div&gt;", "subreddit": "ffxiv", "name": "t1_dgcssrb", "score_hidden": false, "stickied": false, "created": 1492416421.0, "created_utc": 1492387621.0, "depth": 6, "mod_reports": [], "subreddit_type": "public", "ups": 2}}], "after": null, "before": null}}, "user_reports": [], "id": "dgcp5dp", "gilded": 0, "archived": false, "score": 5, "report_reasons": null, "author": "Light791", "parent_id": "t1_dgco55z", "subreddit_name_prefixed": "r/ffxiv", "controversiality": 0, "body": "https://www.reddit.com/r/ffxiv/comments/5x8rd5/erections_of_eorzea/\n\nObjection!", "edited": false, "downs": 0, "body_html": "&lt;div class=\"md\"&gt;&lt;p&gt;&lt;a href=\"https://www.reddit.com/r/ffxiv/comments/5x8rd5/erections_of_eorzea/\"&gt;https://www.reddit.com/r/ffxiv/comments/5x8rd5/erections_of_eorzea/&lt;/a&gt;&lt;/p&gt;\n\n&lt;p&gt;Objection!&lt;/p&gt;\n&lt;/div&gt;", "subreddit": "ffxiv", "name": "t1_dgcp5dp", "score_hidden": false, "stickied": false, "created": 1492411438.0, "created_utc": 1492382638.0, "depth": 5, "mod_reports": [], "subreddit_type": "public", "ups": 5}}], "after": null, "before": null}}, "user_reports": [], "id": "dgco55z", "gilded": 0, "archived": false, "score": 1, "report_reasons": null, "author": "PaveHammer", "parent_id": "t1_dgclo6m", "subreddit_name_prefixed": "r/ffxiv", "controversiality": 0, "body": "Negative. Both were u/Leggerless", "edited": false, "downs": 0, "body_html": "&lt;div class=\"md\"&gt;&lt;p&gt;Negative. Both were &lt;a href=\"/u/Leggerless\"&gt;u/Leggerless&lt;/a&gt;&lt;/p&gt;\n&lt;/div&gt;", "subreddit": "ffxiv", "name": "t1_dgco55z", "score_hidden": false, "stickied": false, "created": 1492410045.0, "created_utc": 1492381245.0, "depth": 4, "mod_reports": [], "subreddit_type": "public", "ups": 1}}], "after": null, "before": null}}, "user_reports": [], "id": "dgclo6m", "gilded": 0, "archived": false, "score": 8, "report_reasons": null, "author": "Light791", "parent_id": "t1_dgckw7y", "subreddit_name_prefixed": "r/ffxiv", "controversiality": 0, "body": "Fun fact, those were two different users! \n\nBut I bet they're both from Balmung sooooo...", "edited": false, "downs": 0, "body_html": "&lt;div class=\"md\"&gt;&lt;p&gt;Fun fact, those were two different users! &lt;/p&gt;\n\n&lt;p&gt;But I bet they&amp;#39;re both from Balmung sooooo...&lt;/p&gt;\n&lt;/div&gt;", "subreddit": "ffxiv", "name": "t1_dgclo6m", "score_hidden": false, "stickied": false, "created": 1492406780.0, "created_utc": 1492377980.0, "depth": 3, "mod_reports": [], "subreddit_type": "public", "ups": 8}}], "after": null, "before": null}}, "user_reports": [], "id": "dgckw7y", "gilded": 0, "archived": false, "score": 8, "report_reasons": null, "author": "ryutsusama", "parent_id": "t1_dgciy3l", "subreddit_name_prefixed": "r/ffxiv", "controversiality": 0, "body": "Yes. Person even made an erection length thread too.", "edited": false, "downs": 0, "body_html": "&lt;div class=\"md\"&gt;&lt;p&gt;Yes. Person even made an erection length thread too.&lt;/p&gt;\n&lt;/div&gt;", "subreddit": "ffxiv", "name": "t1_dgckw7y", "score_hidden": false, "stickied": false, "created": 1492405786.0, "created_utc": 1492376986.0, "depth": 2, "mod_reports": [], "subreddit_type": "public", "ups": 8}}], "after": null, "before": null}}, "user_reports": [], "id": "dgciy3l", "gilded": 0, "archived": false, "score": 4, "report_reasons": null, "author": "Noxeron", "parent_id": "t1_dgcigrt", "subreddit_name_prefixed": "r/ffxiv", "controversiality": 0, "body": "Is that a common topic on this subreddit?", "edited": false, "downs": 0, "body_html": "&lt;div class=\"md\"&gt;&lt;p&gt;Is that a common topic on this subreddit?&lt;/p&gt;\n&lt;/div&gt;", "subreddit": "ffxiv", "name": "t1_dgciy3l", "score_hidden": false, "stickied": false, "created": 1492403230.0, "created_utc": 1492374430.0, "depth": 1, "mod_reports": [], "subreddit_type": "public", "ups": 4}}, {"kind": "t1", "data": {"subreddit_id": "t5_2rgs7", "removal_reason": null, "link_id": "t3_65pzve", "likes": null, "replies": "", "user_reports": [], "id": "dgcsrn5", "gilded": 0, "archived": false, "score": 2, "report_reasons": null, "author": "Leggerless", "parent_id": "t1_dgcigrt", "subreddit_name_prefixed": "r/ffxiv", "controversiality": 0, "body": "Wishful thinking there.", "edited": false, "downs": 0, "body_html": "&lt;div class=\"md\"&gt;&lt;p&gt;Wishful thinking there.&lt;/p&gt;\n&lt;/div&gt;", "subreddit": "ffxiv", "name": "t1_dgcsrn5", "score_hidden": false, "stickied": false, "created": 1492416377.0, "created_utc": 1492387577.0, "depth": 1, "mod_reports": [], "subreddit_type": "public", "ups": 2}}], "after": null, "before": null}}, "user_reports": [], "id": "dgcigrt", "gilded": 0, "archived": false, "score": 13, "report_reasons": null, "author": "boomerangthrowaway", "parent_id": "t3_65pzve", "subreddit_name_prefixed": "r/ffxiv", "controversiality": 0, "body": "I fully expected another vaginal depth thread when clicking. \n\nPleasantly surprised. lol", "edited": false, "downs": 0, "body_html": "&lt;div class=\"md\"&gt;&lt;p&gt;I fully expected another vaginal depth thread when clicking. &lt;/p&gt;\n\n&lt;p&gt;Pleasantly surprised. lol&lt;/p&gt;\n&lt;/div&gt;", "subreddit": "ffxiv", "name": "t1_dgcigrt", "score_hidden": false, "stickied": false, "created": 1492402611.0, "created_utc": 1492373811.0, "depth": 0, "mod_reports": [], "subreddit_type": "public", "ups": 13}}, {"kind": "t1", "data": {"subreddit_id": "t5_2rgs7", "removal_reason": null, "link_id": "t3_65pzve", "likes": null, "replies": "", "user_reports": [], "id": "dgcawpw", "gilded": 0, "archived": false, "score": 16, "report_reasons": null, "author": "Mintiepi", "parent_id": "t3_65pzve", "subreddit_name_prefixed": "r/ffxiv", "controversiality": 0, "body": "That's what she said!", "edited": false, "downs": 0, "body_html": "&lt;div class=\"md\"&gt;&lt;p&gt;That&amp;#39;s what she said!&lt;/p&gt;\n&lt;/div&gt;", "subreddit": "ffxiv", "name": "t1_dgcawpw", "score_hidden": false, "stickied": false, "created": 1492392639.0, "created_utc": 1492363839.0, "depth": 0, "mod_reports": [], "subreddit_type": "public", "ups": 16}}, {"kind": "t1", "data": {"subreddit_id": "t5_2rgs7", "removal_reason": null, "link_id": "t3_65pzve", "likes": null, "replies": "", "user_reports": [], "id": "dgcua4v", "gilded": 0, "archived": false, "score": 3, "report_reasons": null, "author": "PunchMage", "parent_id": "t3_65pzve", "subreddit_name_prefixed": "r/ffxiv", "controversiality": 0, "body": "S-sloppy...", "edited": false, "downs": 0, "body_html": "&lt;div class=\"md\"&gt;&lt;p&gt;S-sloppy...&lt;/p&gt;\n&lt;/div&gt;", "subreddit": "ffxiv", "name": "t1_dgcua4v", "score_hidden": false, "stickied": false, "created": 1492418432.0, "created_utc": 1492389632.0, "depth": 0, "mod_reports": [], "subreddit_type": "public", "ups": 3}}, {"kind": "t1", "data": {"subreddit_id": "t5_2rgs7", "removal_reason": null, "link_id": "t3_65pzve", "likes": null, "replies": "", "user_reports": [], "id": "dgd1xob", "gilded": 0, "archived": false, "score": 3, "report_reasons": null, "author": "Mixxy92", "parent_id": "t3_65pzve", "subreddit_name_prefixed": "r/ffxiv", "controversiality": 0, "body": "Just grab it and put it in a box! Calamity averted. ", "edited": false, "downs": 0, "body_html": "&lt;div class=\"md\"&gt;&lt;p&gt;Just grab it and put it in a box! Calamity averted. &lt;/p&gt;\n&lt;/div&gt;", "subreddit": "ffxiv", "name": "t1_dgd1xob", "score_hidden": false, "stickied": false, "created": 1492428941.0, "created_utc": 1492400141.0, "depth": 0, "mod_reports": [], "subreddit_type": "public", "ups": 3}}, {"kind": "t1", "data": {"subreddit_id": "t5_2rgs7", "removal_reason": null, "link_id": "t3_65pzve", "likes": null, "replies": {"kind": "Listing", "data": {"modhash": "", "children": [{"kind": "t1", "data": {"subreddit_id": "t5_2rgs7", "removal_reason": null, "link_id": "t3_65pzve", "likes": null, "replies": "", "user_reports": [], "id": "dgcenrb", "gilded": 0, "archived": false, "score": 5, "report_reasons": null, "author": "dehydrogen", "parent_id": "t1_dgcejog", "subreddit_name_prefixed": "r/ffxiv", "controversiality": 0, "body": "When they're the manifestation of strong emotions rather than crystals, I would assume the latter. ", "edited": false, "downs": 0, "body_html": "&lt;div class=\"md\"&gt;&lt;p&gt;When they&amp;#39;re the manifestation of strong emotions rather than crystals, I would assume the latter. &lt;/p&gt;\n&lt;/div&gt;", "subreddit": "ffxiv", "name": "t1_dgcenrb", "score_hidden": false, "stickied": false, "created": 1492397647.0, "created_utc": 1492368847.0, "depth": 1, "mod_reports": [], "subreddit_type": "public", "ups": 5}}], "after": null, "before": null}}, "user_reports": [], "id": "dgcejog", "gilded": 0, "archived": false, "score": 3, "report_reasons": null, "author": "Aurion7", "parent_id": "t3_65pzve", "subreddit_name_prefixed": "r/ffxiv", "controversiality": 0, "body": "It's very far away., but yeah.\n\nProbably a little uncomfortable to be stuck in that if you're Shinryu. Do primals of that power even get uncomfortable, or is it just HATE HATE HATE MAIM KILL BURN?", "edited": false, "downs": 0, "body_html": "&lt;div class=\"md\"&gt;&lt;p&gt;It&amp;#39;s very far away., but yeah.&lt;/p&gt;\n\n&lt;p&gt;Probably a little uncomfortable to be stuck in that if you&amp;#39;re Shinryu. Do primals of that power even get uncomfortable, or is it just HATE HATE HATE MAIM KILL BURN?&lt;/p&gt;\n&lt;/div&gt;", "subreddit": "ffxiv", "name": "t1_dgcejog", "score_hidden": false, "stickied": false, "created": 1492397494.0, "created_utc": 1492368694.0, "depth": 0, "mod_reports": [], "subreddit_type": "public", "ups": 3}}, {"kind": "t1", "data": {"subreddit_id": "t5_2rgs7", "removal_reason": null, "link_id": "t3_65pzve", "likes": null, "replies": "", "user_reports": [], "id": "dgcseh4", "gilded": 0, "archived": false, "score": 2, "report_reasons": null, "author": "thedukeofdukes", "parent_id": "t3_65pzve", "subreddit_name_prefixed": "r/ffxiv", "controversiality": 0, "body": "\"Nuuuuuu I am A Big! Scary Dragon! I will nom you when I break free! Rawr!\"", "edited": false, "downs": 0, "body_html": "&lt;div class=\"md\"&gt;&lt;p&gt;&amp;quot;Nuuuuuu I am A Big! Scary Dragon! I will nom you when I break free! Rawr!&amp;quot;&lt;/p&gt;\n&lt;/div&gt;", "subreddit": "ffxiv", "name": "t1_dgcseh4", "score_hidden": false, "stickied": false, "created": 1492415870.0, "created_utc": 1492387070.0, "depth": 0, "mod_reports": [], "subreddit_type": "public", "ups": 2}}, {"kind": "t1", "data": {"subreddit_id": "t5_2rgs7", "removal_reason": null, "link_id": "t3_65pzve", "likes": null, "replies": "", "user_reports": [], "id": "dgdp3b0", "gilded": 0, "archived": false, "score": 2, "report_reasons": null, "author": "snipes007", "parent_id": "t3_65pzve", "subreddit_name_prefixed": "r/ffxiv", "controversiality": 0, "body": "You must get that a lot \ud83d\ude1c", "edited": false, "downs": 0, "body_html": "&lt;div class=\"md\"&gt;&lt;p&gt;You must get that a lot \ud83d\ude1c&lt;/p&gt;\n&lt;/div&gt;", "subreddit": "ffxiv", "name": "t1_dgdp3b0", "score_hidden": false, "stickied": false, "created": 1492474785.0, "created_utc": 1492445985.0, "depth": 0, "mod_reports": [], "subreddit_type": "public", "ups": 2}}, {"kind": "t1", "data": {"author_cakeday": true, "subreddit_id": "t5_2rgs7", "removal_reason": null, "link_id": "t3_65pzve", "likes": null, "replies": "", "user_reports": [], "id": "dgcc715", "gilded": 0, "archived": false, "score": 1, "report_reasons": null, "author": "DavThoma", "parent_id": "t3_65pzve", "subreddit_name_prefixed": "r/ffxiv", "controversiality": 0, "body": "Boom! Phrasing!", "edited": false, "downs": 0, "body_html": "&lt;div class=\"md\"&gt;&lt;p&gt;Boom! Phrasing!&lt;/p&gt;\n&lt;/div&gt;", "subreddit": "ffxiv", "name": "t1_dgcc715", "score_hidden": false, "stickied": false, "created": 1492394331.0, "created_utc": 1492365531.0, "depth": 0, "mod_reports": [], "subreddit_type": "public", "ups": 1}}, {"kind": "t1", "data": {"subreddit_id": "t5_2rgs7", "removal_reason": null, "link_id": "t3_65pzve", "likes": null, "replies": {"kind": "Listing", "data": {"modhash": "", "children": [{"kind": "t1", "data": {"subreddit_id": "t5_2rgs7", "removal_reason": null, "link_id": "t3_65pzve", "likes": null, "replies": {"kind": "Listing", "data": {"modhash": "", "children": [{"kind": "t1", "data": {"subreddit_id": "t5_2rgs7", "removal_reason": null, "link_id": "t3_65pzve", "likes": null, "replies": "", "user_reports": [], "id": "dge9vj4", "gilded": 0, "archived": false, "score": 1, "report_reasons": null, "author": "Wrequis", "parent_id": "t1_dgdtg8f", "subreddit_name_prefixed": "r/ffxiv", "controversiality": 0, "body": "Yep thank you :)", "edited": false, "downs": 0, "body_html": "&lt;div class=\"md\"&gt;&lt;p&gt;Yep thank you :)&lt;/p&gt;\n&lt;/div&gt;", "subreddit": "ffxiv", "name": "t1_dge9vj4", "score_hidden": false, "stickied": false, "created": 1492498792.0, "created_utc": 1492469992.0, "depth": 2, "mod_reports": [], "subreddit_type": "public", "ups": 1}}], "after": null, "before": null}}, "user_reports": [], "id": "dgdtg8f", "gilded": 0, "archived": false, "score": 1, "report_reasons": null, "author": "aceSakirfice", "parent_id": "t1_dgd7r7m", "subreddit_name_prefixed": "r/ffxiv", "controversiality": 0, "body": "What is this 4th perspective you talk about? Is this from the point of view of a 4th Lalafell in the grass? \n\nI think perhaps you mean...forced perspective?", "edited": false, "downs": 0, "body_html": "&lt;div class=\"md\"&gt;&lt;p&gt;What is this 4th perspective you talk about? Is this from the point of view of a 4th Lalafell in the grass? &lt;/p&gt;\n\n&lt;p&gt;I think perhaps you mean...forced perspective?&lt;/p&gt;\n&lt;/div&gt;", "subreddit": "ffxiv", "name": "t1_dgdtg8f", "score_hidden": false, "stickied": false, "created": 1492479621.0, "created_utc": 1492450821.0, "depth": 1, "mod_reports": [], "subreddit_type": "public", "ups": 1}}, {"kind": "t1", "data": {"subreddit_id": "t5_2rgs7", "removal_reason": null, "link_id": "t3_65pzve", "likes": null, "replies": {"kind": "Listing", "data": {"modhash": "", "children": [{"kind": "t1", "data": {"subreddit_id": "t5_2rgs7", "removal_reason": null, "link_id": "t3_65pzve", "likes": null, "replies": "", "user_reports": [], "id": "dge9x3m", "gilded": 0, "archived": false, "score": 1, "report_reasons": null, "author": "Wrequis", "parent_id": "t1_dgdbkl6", "subreddit_name_prefixed": "r/ffxiv", "controversiality": 0, "body": "Np man, just giving suggestions to help the illusion :)", "edited": false, "downs": 0, "body_html": "&lt;div class=\"md\"&gt;&lt;p&gt;Np man, just giving suggestions to help the illusion :)&lt;/p&gt;\n&lt;/div&gt;", "subreddit": "ffxiv", "name": "t1_dge9x3m", "score_hidden": false, "stickied": false, "created": 1492498848.0, "created_utc": 1492470048.0, "depth": 2, "mod_reports": [], "subreddit_type": "public", "ups": 1}}], "after": null, "before": null}}, "user_reports": [], "id": "dgdbkl6", "gilded": 0, "archived": false, "score": 0, "report_reasons": null, "author": "Noxeron", "parent_id": "t1_dgd7r7m", "subreddit_name_prefixed": "r/ffxiv", "controversiality": 0, "body": "You are taking it to seriously. I just found it to be fun, as it kinda looks like he's looking up on it making it look small. At that time I don't think I knew about /gpose, and I still don't know how to use it properly.", "edited": false, "downs": 0, "body_html": "&lt;div class=\"md\"&gt;&lt;p&gt;You are taking it to seriously. I just found it to be fun, as it kinda looks like he&amp;#39;s looking up on it making it look small. At that time I don&amp;#39;t think I knew about /gpose, and I still don&amp;#39;t know how to use it properly.&lt;/p&gt;\n&lt;/div&gt;", "subreddit": "ffxiv", "name": "t1_dgdbkl6", "score_hidden": false, "stickied": false, "created": 1492451557.0, "created_utc": 1492422757.0, "depth": 1, "mod_reports": [], "subreddit_type": "public", "ups": 0}}], "after": null, "before": null}}, "user_reports": [], "id": "dgd7r7m", "gilded": 0, "archived": false, "score": 0, "report_reasons": null, "author": "Wrequis", "parent_id": "t3_65pzve", "subreddit_name_prefixed": "r/ffxiv", "controversiality": 0, "body": "I like your attempt at playing with the 4rth perspective but the angle you chose does not make it look tiny, you can even see it's behind the tree in the distance.\n\nAlso the shadows on your character make it difficult for the brain to process as being by the characters head, you can fix this using the lighting in /gpose", "edited": false, "downs": 0, "body_html": "&lt;div class=\"md\"&gt;&lt;p&gt;I like your attempt at playing with the 4rth perspective but the angle you chose does not make it look tiny, you can even see it&amp;#39;s behind the tree in the distance.&lt;/p&gt;\n\n&lt;p&gt;Also the shadows on your character make it difficult for the brain to process as being by the characters head, you can fix this using the lighting in /gpose&lt;/p&gt;\n&lt;/div&gt;", "subreddit": "ffxiv", "name": "t1_dgd7r7m", "score_hidden": false, "stickied": false, "created": 1492439945.0, "created_utc": 1492411145.0, "depth": 0, "mod_reports": [], "subreddit_type": "public", "ups": 0}}], "after": null, "before": null}}]