[{"kind": "Listing", "data": {"modhash": "", "children": [{"kind": "t3", "data": {"contest_mode": false, "banned_by": null, "media_embed": {}, "subreddit": "Tinder", "selftext_html": null, "selftext": "", "likes": null, "suggested_sort": "top", "user_reports": [], "secure_media": null, "link_flair_text": null, "id": "65226d", "gilded": 0, "secure_media_embed": {}, "clicked": false, "score": 291, "report_reasons": null, "author": "budgetclutch24", "saved": false, "mod_reports": [], "name": "t3_65226d", "subreddit_name_prefixed": "r/Tinder", "approved_by": null, "over_18": false, "domain": "imgur.com", "hidden": false, "preview": {"images": [{"source": {"url": "https://i.redditmedia.com/eQYX17Drwi0NkxiaSrUiTfD9lk-rIb4I89f7RRJxefA.jpg?s=28a5d5aecd4d744b261b788a78489cde", "width": 675, "height": 1200}, "resolutions": [{"url": "https://i.redditmedia.com/eQYX17Drwi0NkxiaSrUiTfD9lk-rIb4I89f7RRJxefA.jpg?fit=crop&amp;crop=faces%2Centropy&amp;arh=2&amp;w=108&amp;s=8a1108531b2477bf1523e2c08bfd2fc8", "width": 108, "height": 192}, {"url": "https://i.redditmedia.com/eQYX17Drwi0NkxiaSrUiTfD9lk-rIb4I89f7RRJxefA.jpg?fit=crop&amp;crop=faces%2Centropy&amp;arh=2&amp;w=216&amp;s=43d510f893bed17ad13db74778203390", "width": 216, "height": 384}, {"url": "https://i.redditmedia.com/eQYX17Drwi0NkxiaSrUiTfD9lk-rIb4I89f7RRJxefA.jpg?fit=crop&amp;crop=faces%2Centropy&amp;arh=2&amp;w=320&amp;s=d04fb58598ba6de3122538ec9c54947d", "width": 320, "height": 568}, {"url": "https://i.redditmedia.com/eQYX17Drwi0NkxiaSrUiTfD9lk-rIb4I89f7RRJxefA.jpg?fit=crop&amp;crop=faces%2Centropy&amp;arh=2&amp;w=640&amp;s=63b79f6a44197a25790ddc71a456f152", "width": 640, "height": 1137}], "variants": {}, "id": "D7ssqWL-WlabscTvk4TlpwA2KbzWqOtOEVocdV-guVc"}], "enabled": false}, "thumbnail": "https://b.thumbs.redditmedia.com/_GYkzPpLS82K9jCL3QkaD7xacGMjnfhjZ_FM9SG8Jis.jpg", "subreddit_id": "t5_2w7mz", "edited": false, "link_flair_css_class": null, "author_flair_css_class": null, "downs": 0, "brand_safe": true, "archived": false, "removal_reason": null, "post_hint": "link", "is_self": false, "hide_score": false, "spoiler": false, "permalink": "/r/Tinder/comments/65226d/worked_better_than_expected/", "num_reports": null, "locked": false, "stickied": false, "created": 1492070851.0, "url": "http://imgur.com/0JICV25", "author_flair_text": null, "quarantine": false, "title": "Worked better than expected", "created_utc": 1492042051.0, "distinguished": null, "media": null, "upvote_ratio": 0.95, "num_comments": 10, "visited": false, "subreddit_type": "public", "ups": 291}}], "after": null, "before": null}}, {"kind": "Listing", "data": {"modhash": "", "children": [{"kind": "t1", "data": {"subreddit_id": "t5_2w7mz", "removal_reason": null, "link_id": "t3_65226d", "likes": null, "replies": "", "user_reports": [], "id": "dg71j27", "gilded": 0, "archived": false, "score": 29, "report_reasons": null, "author": "SadBoiiConnor420", "parent_id": "t3_65226d", "subreddit_name_prefixed": "r/Tinder", "controversiality": 0, "body": "Stealing this", "edited": false, "downs": 0, "body_html": "&lt;div class=\"md\"&gt;&lt;p&gt;Stealing this&lt;/p&gt;\n&lt;/div&gt;", "subreddit": "Tinder", "name": "t1_dg71j27", "score_hidden": false, "stickied": false, "created": 1492081224.0, "created_utc": 1492052424.0, "depth": 0, "mod_reports": [], "subreddit_type": "public", "ups": 29}}, {"kind": "t1", "data": {"subreddit_id": "t5_2w7mz", "removal_reason": null, "link_id": "t3_65226d", "likes": null, "replies": {"kind": "Listing", "data": {"modhash": "", "children": [{"kind": "t1", "data": {"subreddit_id": "t5_2w7mz", "removal_reason": null, "link_id": "t3_65226d", "likes": null, "replies": {"kind": "Listing", "data": {"modhash": "", "children": [{"kind": "t1", "data": {"subreddit_id": "t5_2w7mz", "removal_reason": null, "link_id": "t3_65226d", "likes": null, "replies": "", "user_reports": [], "id": "dg6vpdg", "gilded": 0, "archived": false, "score": 27, "report_reasons": null, "author": "BestGreene", "parent_id": "t1_dg6uuga", "subreddit_name_prefixed": "r/Tinder", "controversiality": 0, "body": "Sorry I just had a flashback. Not an insult. You getting it bruh.", "edited": false, "downs": 0, "body_html": "&lt;div class=\"md\"&gt;&lt;p&gt;Sorry I just had a flashback. Not an insult. You getting it bruh.&lt;/p&gt;\n&lt;/div&gt;", "subreddit": "Tinder", "name": "t1_dg6vpdg", "score_hidden": false, "stickied": false, "created": 1492073908.0, "created_utc": 1492045108.0, "depth": 2, "mod_reports": [], "subreddit_type": "public", "ups": 27}}, {"kind": "t1", "data": {"subreddit_id": "t5_2w7mz", "removal_reason": null, "link_id": "t3_65226d", "likes": null, "replies": "", "user_reports": [], "id": "dg7q35i", "gilded": 0, "archived": false, "score": 5, "report_reasons": null, "author": "myrTinderTA", "parent_id": "t1_dg6uuga", "subreddit_name_prefixed": "r/Tinder", "controversiality": 0, "body": "Well, this is fun to read and you guys seem to go somewhere.\n\nBest of luck and success :)", "edited": false, "downs": 0, "body_html": "&lt;div class=\"md\"&gt;&lt;p&gt;Well, this is fun to read and you guys seem to go somewhere.&lt;/p&gt;\n\n&lt;p&gt;Best of luck and success :)&lt;/p&gt;\n&lt;/div&gt;", "subreddit": "Tinder", "name": "t1_dg7q35i", "score_hidden": false, "stickied": false, "created": 1492126826.0, "created_utc": 1492098026.0, "depth": 2, "mod_reports": [], "subreddit_type": "public", "ups": 5}}], "after": null, "before": null}}, "user_reports": [], "id": "dg6uuga", "gilded": 0, "archived": false, "score": 51, "report_reasons": null, "author": "budgetclutch24", "parent_id": "t1_dg6um3j", "subreddit_name_prefixed": "r/Tinder", "controversiality": 0, "body": "https://imgur.com/a/jBy5w \ud83d\ude0a", "edited": false, "downs": 0, "body_html": "&lt;div class=\"md\"&gt;&lt;p&gt;&lt;a href=\"https://imgur.com/a/jBy5w\"&gt;https://imgur.com/a/jBy5w&lt;/a&gt; \ud83d\ude0a&lt;/p&gt;\n&lt;/div&gt;", "subreddit": "Tinder", "name": "t1_dg6uuga", "score_hidden": false, "stickied": false, "created": 1492072897.0, "created_utc": 1492044097.0, "depth": 1, "mod_reports": [], "subreddit_type": "public", "ups": 51}}], "after": null, "before": null}}, "user_reports": [], "id": "dg6um3j", "gilded": 0, "archived": false, "score": 13, "report_reasons": null, "author": "BestGreene", "parent_id": "t3_65226d", "subreddit_name_prefixed": "r/Tinder", "controversiality": 0, "body": "And then she never responds again.", "edited": false, "downs": 0, "body_html": "&lt;div class=\"md\"&gt;&lt;p&gt;And then she never responds again.&lt;/p&gt;\n&lt;/div&gt;", "subreddit": "Tinder", "name": "t1_dg6um3j", "score_hidden": false, "stickied": false, "created": 1492072620.0, "created_utc": 1492043820.0, "depth": 0, "mod_reports": [], "subreddit_type": "public", "ups": 13}}, {"kind": "t1", "data": {"subreddit_id": "t5_2w7mz", "removal_reason": null, "link_id": "t3_65226d", "likes": null, "replies": {"kind": "Listing", "data": {"modhash": "", "children": [{"kind": "t1", "data": {"subreddit_id": "t5_2w7mz", "removal_reason": null, "link_id": "t3_65226d", "likes": null, "replies": {"kind": "Listing", "data": {"modhash": "", "children": [{"kind": "t1", "data": {"subreddit_id": "t5_2w7mz", "removal_reason": null, "link_id": "t3_65226d", "likes": null, "replies": "", "user_reports": [], "id": "dg9cvmg", "gilded": 0, "archived": false, "score": 2, "report_reasons": null, "author": "Jrdedolce", "parent_id": "t1_dg7824f", "subreddit_name_prefixed": "r/Tinder", "controversiality": 0, "body": "Jury reached a decision?", "edited": false, "downs": 0, "body_html": "&lt;div class=\"md\"&gt;&lt;p&gt;Jury reached a decision?&lt;/p&gt;\n&lt;/div&gt;", "subreddit": "Tinder", "name": "t1_dg9cvmg", "score_hidden": false, "stickied": false, "created": 1492215904.0, "created_utc": 1492187104.0, "depth": 2, "mod_reports": [], "subreddit_type": "public", "ups": 2}}, {"kind": "t1", "data": {"subreddit_id": "t5_2w7mz", "removal_reason": null, "link_id": "t3_65226d", "likes": null, "replies": "", "user_reports": [], "id": "dg7xnds", "gilded": 0, "archived": false, "score": 1, "report_reasons": null, "author": "toastshop", "parent_id": "t1_dg7824f", "subreddit_name_prefixed": "r/Tinder", "controversiality": 0, "body": "Ask her out again\n\nAsk them all out regardless of whether they reply ", "edited": false, "downs": 0, "body_html": "&lt;div class=\"md\"&gt;&lt;p&gt;Ask her out again&lt;/p&gt;\n\n&lt;p&gt;Ask them all out regardless of whether they reply &lt;/p&gt;\n&lt;/div&gt;", "subreddit": "Tinder", "name": "t1_dg7xnds", "score_hidden": false, "stickied": false, "created": 1492134871.0, "created_utc": 1492106071.0, "depth": 2, "mod_reports": [], "subreddit_type": "public", "ups": 1}}], "after": null, "before": null}}, "user_reports": [], "id": "dg7824f", "gilded": 0, "archived": false, "score": 12, "report_reasons": null, "author": "budgetclutch24", "parent_id": "t1_dg75vrc", "subreddit_name_prefixed": "r/Tinder", "controversiality": 0, "body": "I sent that this morning, jury's still out \ud83d\udc81\ud83c\udffc\u200d\u2642\ufe0f", "edited": false, "downs": 0, "body_html": "&lt;div class=\"md\"&gt;&lt;p&gt;I sent that this morning, jury&amp;#39;s still out \ud83d\udc81\ud83c\udffc\u200d\u2642\ufe0f&lt;/p&gt;\n&lt;/div&gt;", "subreddit": "Tinder", "name": "t1_dg7824f", "score_hidden": false, "stickied": false, "created": 1492091952.0, "created_utc": 1492063152.0, "depth": 1, "mod_reports": [], "subreddit_type": "public", "ups": 12}}], "after": null, "before": null}}, "user_reports": [], "id": "dg75vrc", "gilded": 0, "archived": false, "score": 7, "report_reasons": null, "author": "[deleted]", "parent_id": "t3_65226d", "subreddit_name_prefixed": "r/Tinder", "controversiality": 0, "body": "[deleted]", "edited": false, "downs": 0, "body_html": "&lt;div class=\"md\"&gt;&lt;p&gt;[deleted]&lt;/p&gt;\n&lt;/div&gt;", "subreddit": "Tinder", "name": "t1_dg75vrc", "score_hidden": false, "stickied": false, "created": 1492087721.0, "created_utc": 1492058921.0, "depth": 0, "mod_reports": [], "subreddit_type": "public", "ups": 7}}, {"kind": "t1", "data": {"subreddit_id": "t5_2w7mz", "removal_reason": null, "link_id": "t3_65226d", "likes": null, "replies": {"kind": "Listing", "data": {"modhash": "", "children": [{"kind": "t1", "data": {"subreddit_id": "t5_2w7mz", "removal_reason": null, "link_id": "t3_65226d", "likes": null, "replies": "", "user_reports": [], "id": "dg863hb", "gilded": 0, "archived": false, "score": 3, "report_reasons": null, "author": "budgetclutch24", "parent_id": "t1_dg7unn1", "subreddit_name_prefixed": "r/Tinder", "controversiality": 0, "body": "Haha, to be fair she probably thought I was responding to someone that I actually had been out with. ", "edited": false, "downs": 0, "body_html": "&lt;div class=\"md\"&gt;&lt;p&gt;Haha, to be fair she probably thought I was responding to someone that I actually had been out with. &lt;/p&gt;\n&lt;/div&gt;", "subreddit": "Tinder", "name": "t1_dg863hb", "score_hidden": false, "stickied": false, "created": 1492144002.0, "created_utc": 1492115202.0, "depth": 1, "mod_reports": [], "subreddit_type": "public", "ups": 3}}], "after": null, "before": null}}, "user_reports": [], "id": "dg7unn1", "gilded": 0, "archived": false, "score": 4, "report_reasons": null, "author": "broogndbnc", "parent_id": "t3_65226d", "subreddit_name_prefixed": "r/Tinder", "controversiality": 0, "body": "&gt; Excuse me\n\nwhoo, dangerously close to over the edge, there", "edited": false, "downs": 0, "body_html": "&lt;div class=\"md\"&gt;&lt;blockquote&gt;\n&lt;p&gt;Excuse me&lt;/p&gt;\n&lt;/blockquote&gt;\n\n&lt;p&gt;whoo, dangerously close to over the edge, there&lt;/p&gt;\n&lt;/div&gt;", "subreddit": "Tinder", "name": "t1_dg7unn1", "score_hidden": false, "stickied": false, "created": 1492131688.0, "created_utc": 1492102888.0, "depth": 0, "mod_reports": [], "subreddit_type": "public", "ups": 4}}], "after": null, "before": null}}]