[{"kind": "Listing", "data": {"modhash": "", "children": [{"kind": "t3", "data": {"contest_mode": false, "banned_by": null, "media_embed": {"content": "&lt;iframe width=\"600\" height=\"338\" src=\"https://www.youtube.com/embed/PNk4NbuU_ZU?feature=oembed\" frameborder=\"0\" allowfullscreen&gt;&lt;/iframe&gt;", "width": 600, "scrolling": false, "height": 338}, "subreddit": "Roadcam", "selftext_html": null, "selftext": "", "likes": null, "suggested_sort": null, "user_reports": [], "secure_media": {"oembed": {"provider_url": "https://www.youtube.com/", "version": "1.0", "title": "Confusing intersection leads to expected result", "author_name": "Arash E", "height": 338, "width": 600, "html": "&lt;iframe width=\"600\" height=\"338\" src=\"https://www.youtube.com/embed/PNk4NbuU_ZU?feature=oembed\" frameborder=\"0\" allowfullscreen&gt;&lt;/iframe&gt;", "thumbnail_width": 480, "provider_name": "YouTube", "thumbnail_url": "https://i.ytimg.com/vi/PNk4NbuU_ZU/hqdefault.jpg", "type": "video", "thumbnail_height": 360, "author_url": "https://www.youtube.com/channel/UCWz6a0HPa57EIW4dqZkbyFw"}, "type": "youtube.com"}, "link_flair_text": null, "id": "64v0o2", "gilded": 0, "secure_media_embed": {"content": "&lt;iframe width=\"600\" height=\"338\" src=\"https://www.youtube.com/embed/PNk4NbuU_ZU?feature=oembed\" frameborder=\"0\" allowfullscreen&gt;&lt;/iframe&gt;", "width": 600, "scrolling": false, "height": 338}, "clicked": false, "score": 80, "report_reasons": null, "author": "Justifiably", "saved": false, "mod_reports": [], "name": "t3_64v0o2", "subreddit_name_prefixed": "r/Roadcam", "approved_by": null, "over_18": false, "domain": "youtu.be", "hidden": false, "preview": {"images": [{"source": {"url": "https://i.redditmedia.com/-aK4FQi8d5bF04TL9xu6oyR8Am4reJnKYlIlJgYaT-0.jpg?s=416644f3091b0c4d80f47fd0bee154d0", "width": 480, "height": 360}, "resolutions": [{"url": "https://i.redditmedia.com/-aK4FQi8d5bF04TL9xu6oyR8Am4reJnKYlIlJgYaT-0.jpg?fit=crop&amp;crop=faces%2Centropy&amp;arh=2&amp;w=108&amp;s=b5027dfd0ebf168268734e8ce463ce1d", "width": 108, "height": 81}, {"url": "https://i.redditmedia.com/-aK4FQi8d5bF04TL9xu6oyR8Am4reJnKYlIlJgYaT-0.jpg?fit=crop&amp;crop=faces%2Centropy&amp;arh=2&amp;w=216&amp;s=0708952d3d772a7109d7e9c9ca47c53f", "width": 216, "height": 162}, {"url": "https://i.redditmedia.com/-aK4FQi8d5bF04TL9xu6oyR8Am4reJnKYlIlJgYaT-0.jpg?fit=crop&amp;crop=faces%2Centropy&amp;arh=2&amp;w=320&amp;s=ffb6bcf130b4e8978053c5358a042846", "width": 320, "height": 240}], "variants": {}, "id": "Snzm8hOEJElvKx6hr5IiG6RN5VAaotuAObMkieCrpz0"}], "enabled": false}, "thumbnail": "https://b.thumbs.redditmedia.com/iIW2Z9kpcbuIfcOEIZY9tAMfmgS3hvu-rYojdh8AESI.jpg", "subreddit_id": "t5_2u6os", "edited": false, "link_flair_css_class": null, "author_flair_css_class": null, "downs": 0, "brand_safe": true, "archived": false, "removal_reason": null, "post_hint": "rich:video", "is_self": false, "hide_score": false, "spoiler": false, "permalink": "/r/Roadcam/comments/64v0o2/canadaoc_confusing_intersection_leads_to_expected/", "num_reports": null, "locked": false, "stickied": false, "created": 1491987334.0, "url": "https://youtu.be/PNk4NbuU_ZU", "author_flair_text": null, "quarantine": false, "title": "[Canada][OC] Confusing Intersection leads to expected results", "created_utc": 1491958534.0, "distinguished": null, "media": {"oembed": {"provider_url": "https://www.youtube.com/", "version": "1.0", "title": "Confusing intersection leads to expected result", "author_name": "Arash E", "height": 338, "width": 600, "html": "&lt;iframe width=\"600\" height=\"338\" src=\"https://www.youtube.com/embed/PNk4NbuU_ZU?feature=oembed\" frameborder=\"0\" allowfullscreen&gt;&lt;/iframe&gt;", "thumbnail_width": 480, "provider_name": "YouTube", "thumbnail_url": "https://i.ytimg.com/vi/PNk4NbuU_ZU/hqdefault.jpg", "type": "video", "thumbnail_height": 360, "author_url": "https://www.youtube.com/channel/UCWz6a0HPa57EIW4dqZkbyFw"}, "type": "youtube.com"}, "upvote_ratio": 0.98, "num_comments": 15, "visited": false, "subreddit_type": "public", "ups": 80}}], "after": null, "before": null}}, {"kind": "Listing", "data": {"modhash": "", "children": [{"kind": "t1", "data": {"subreddit_id": "t5_2u6os", "removal_reason": null, "link_id": "t3_64v0o2", "likes": null, "replies": {"kind": "Listing", "data": {"modhash": "", "children": [{"kind": "t1", "data": {"subreddit_id": "t5_2u6os", "removal_reason": null, "link_id": "t3_64v0o2", "likes": null, "replies": "", "user_reports": [], "id": "dg5cl2d", "gilded": 0, "archived": false, "score": 2, "report_reasons": null, "author": "SolidSaiyanGodSSnake", "parent_id": "t1_dg58xpb", "subreddit_name_prefixed": "r/Roadcam", "controversiality": 0, "body": "Yeah happens to me every once in a while, usually in a commercial or industrial zones with unaligned driveways.", "edited": false, "downs": 0, "body_html": "&lt;div class=\"md\"&gt;&lt;p&gt;Yeah happens to me every once in a while, usually in a commercial or industrial zones with unaligned driveways.&lt;/p&gt;\n&lt;/div&gt;", "subreddit": "Roadcam", "name": "t1_dg5cl2d", "score_hidden": false, "stickied": false, "created": 1491993470.0, "created_utc": 1491964670.0, "depth": 1, "mod_reports": [], "subreddit_type": "public", "ups": 2}}], "after": null, "before": null}}, "user_reports": [], "id": "dg58xpb", "gilded": 0, "archived": false, "score": 27, "report_reasons": null, "author": "Quagman", "parent_id": "t3_64v0o2", "subreddit_name_prefixed": "r/Roadcam", "controversiality": 0, "body": "That's just bad design. I bet that exact situation happens all the time. ", "edited": false, "downs": 0, "body_html": "&lt;div class=\"md\"&gt;&lt;p&gt;That&amp;#39;s just bad design. I bet that exact situation happens all the time. &lt;/p&gt;\n&lt;/div&gt;", "subreddit": "Roadcam", "name": "t1_dg58xpb", "score_hidden": false, "stickied": false, "created": 1491988606.0, "created_utc": 1491959806.0, "depth": 0, "mod_reports": [], "subreddit_type": "public", "ups": 27}}, {"kind": "t1", "data": {"subreddit_id": "t5_2u6os", "removal_reason": null, "link_id": "t3_64v0o2", "likes": null, "replies": {"kind": "Listing", "data": {"modhash": "", "children": [{"kind": "t1", "data": {"subreddit_id": "t5_2u6os", "removal_reason": null, "link_id": "t3_64v0o2", "likes": null, "replies": {"kind": "Listing", "data": {"modhash": "", "children": [{"kind": "t1", "data": {"subreddit_id": "t5_2u6os", "removal_reason": null, "link_id": "t3_64v0o2", "likes": null, "replies": {"kind": "Listing", "data": {"modhash": "", "children": [{"kind": "t1", "data": {"subreddit_id": "t5_2u6os", "removal_reason": null, "link_id": "t3_64v0o2", "likes": null, "replies": {"kind": "Listing", "data": {"modhash": "", "children": [{"kind": "t1", "data": {"subreddit_id": "t5_2u6os", "removal_reason": null, "link_id": "t3_64v0o2", "likes": null, "replies": "", "user_reports": [], "id": "dg6iwy6", "gilded": 0, "archived": false, "score": 9, "report_reasons": null, "author": "mconnor92", "parent_id": "t1_dg5t77l", "subreddit_name_prefixed": "r/Roadcam", "controversiality": 0, "body": "You must be fun at 4 way stops.", "edited": false, "downs": 0, "body_html": "&lt;div class=\"md\"&gt;&lt;p&gt;You must be fun at 4 way stops.&lt;/p&gt;\n&lt;/div&gt;", "subreddit": "Roadcam", "name": "t1_dg6iwy6", "score_hidden": false, "stickied": false, "created": 1492058514.0, "created_utc": 1492029714.0, "depth": 4, "mod_reports": [], "subreddit_type": "public", "ups": 9}}], "after": null, "before": null}}, "user_reports": [], "id": "dg5t77l", "gilded": 0, "archived": false, "score": -5, "report_reasons": null, "author": "hannsn", "parent_id": "t1_dg5r2qy", "subreddit_name_prefixed": "r/Roadcam", "controversiality": 0, "body": "they both start at the same time, cammer just accelerates more", "edited": false, "downs": 0, "body_html": "&lt;div class=\"md\"&gt;&lt;p&gt;they both start at the same time, cammer just accelerates more&lt;/p&gt;\n&lt;/div&gt;", "subreddit": "Roadcam", "name": "t1_dg5t77l", "score_hidden": false, "stickied": false, "created": 1492030134.0, "created_utc": 1492001334.0, "depth": 3, "mod_reports": [], "subreddit_type": "public", "ups": -5}}], "after": null, "before": null}}, "user_reports": [], "id": "dg5r2qy", "gilded": 0, "archived": false, "score": 16, "report_reasons": null, "author": "M4RK3T_", "parent_id": "t1_dg5qyji", "subreddit_name_prefixed": "r/Roadcam", "controversiality": 0, "body": "Probably because OP entered the intersection first.", "edited": false, "downs": 0, "body_html": "&lt;div class=\"md\"&gt;&lt;p&gt;Probably because OP entered the intersection first.&lt;/p&gt;\n&lt;/div&gt;", "subreddit": "Roadcam", "name": "t1_dg5r2qy", "score_hidden": false, "stickied": false, "created": 1492026153.0, "created_utc": 1491997353.0, "depth": 2, "mod_reports": [], "subreddit_type": "public", "ups": 16}}, {"kind": "t1", "data": {"subreddit_id": "t5_2u6os", "removal_reason": null, "link_id": "t3_64v0o2", "likes": null, "replies": "", "user_reports": [], "id": "dg5znlc", "gilded": 0, "archived": false, "score": 7, "report_reasons": null, "author": "Justifiably", "parent_id": "t1_dg5qyji", "subreddit_name_prefixed": "r/Roadcam", "controversiality": 0, "body": "I think the lady in the SUV didn't see me coming because of her A-pillar. At the same rate, I thought she'd be going straight(er) than she did considering she hadn't indicated left. It's a [tricky hill](http://imgur.com/a/VFMfW) to begin with and the intersection didn't make it any easier.\n\nWe realized our collective mistakes, waved at each other, and continued our morning. Made for great footage, though.", "edited": false, "downs": 0, "body_html": "&lt;div class=\"md\"&gt;&lt;p&gt;I think the lady in the SUV didn&amp;#39;t see me coming because of her A-pillar. At the same rate, I thought she&amp;#39;d be going straight(er) than she did considering she hadn&amp;#39;t indicated left. It&amp;#39;s a &lt;a href=\"http://imgur.com/a/VFMfW\"&gt;tricky hill&lt;/a&gt; to begin with and the intersection didn&amp;#39;t make it any easier.&lt;/p&gt;\n\n&lt;p&gt;We realized our collective mistakes, waved at each other, and continued our morning. Made for great footage, though.&lt;/p&gt;\n&lt;/div&gt;", "subreddit": "Roadcam", "name": "t1_dg5znlc", "score_hidden": false, "stickied": false, "created": 1492038507.0, "created_utc": 1492009707.0, "depth": 2, "mod_reports": [], "subreddit_type": "public", "ups": 7}}], "after": null, "before": null}}, "user_reports": [], "id": "dg5qyji", "gilded": 0, "archived": false, "score": -3, "report_reasons": null, "author": "hannsn", "parent_id": "t1_dg5ecdy", "subreddit_name_prefixed": "r/Roadcam", "controversiality": 1, "body": "I understand that this is a bad intersection but how does the cammer  not see  the white SUV and stop? Even if he had the right of way, it's always better to lose 30 seconds of your time than a week trying to get your car fixed.", "edited": false, "downs": 0, "body_html": "&lt;div class=\"md\"&gt;&lt;p&gt;I understand that this is a bad intersection but how does the cammer  not see  the white SUV and stop? Even if he had the right of way, it&amp;#39;s always better to lose 30 seconds of your time than a week trying to get your car fixed.&lt;/p&gt;\n&lt;/div&gt;", "subreddit": "Roadcam", "name": "t1_dg5qyji", "score_hidden": false, "stickied": false, "created": 1492025899.0, "created_utc": 1491997099.0, "depth": 1, "mod_reports": [], "subreddit_type": "public", "ups": -3}}], "after": null, "before": null}}, "user_reports": [], "id": "dg5ecdy", "gilded": 0, "archived": false, "score": 15, "report_reasons": null, "author": "M4RK3T_", "parent_id": "t3_64v0o2", "subreddit_name_prefixed": "r/Roadcam", "controversiality": 0, "body": "I understand that this is a bad intersection but how does the driver of the white SUV not see you and stop? Even if he had the right of way, it's always better to lose 30 seconds of your time than a week trying to get your car fixed.", "edited": false, "downs": 0, "body_html": "&lt;div class=\"md\"&gt;&lt;p&gt;I understand that this is a bad intersection but how does the driver of the white SUV not see you and stop? Even if he had the right of way, it&amp;#39;s always better to lose 30 seconds of your time than a week trying to get your car fixed.&lt;/p&gt;\n&lt;/div&gt;", "subreddit": "Roadcam", "name": "t1_dg5ecdy", "score_hidden": false, "stickied": false, "created": 1491995975.0, "created_utc": 1491967175.0, "depth": 0, "mod_reports": [], "subreddit_type": "public", "ups": 15}}, {"kind": "t1", "data": {"subreddit_id": "t5_2u6os", "removal_reason": null, "link_id": "t3_64v0o2", "likes": null, "replies": {"kind": "Listing", "data": {"modhash": "", "children": [{"kind": "t1", "data": {"subreddit_id": "t5_2u6os", "removal_reason": null, "link_id": "t3_64v0o2", "likes": null, "replies": "", "user_reports": [], "id": "dg5qxgm", "gilded": 0, "archived": false, "score": 2, "report_reasons": null, "author": "hannsn", "parent_id": "t1_dg5hmc2", "subreddit_name_prefixed": "r/Roadcam", "controversiality": 0, "body": "both cammer and the other drive do that", "edited": false, "downs": 0, "body_html": "&lt;div class=\"md\"&gt;&lt;p&gt;both cammer and the other drive do that&lt;/p&gt;\n&lt;/div&gt;", "subreddit": "Roadcam", "name": "t1_dg5qxgm", "score_hidden": false, "stickied": false, "created": 1492025834.0, "created_utc": 1491997034.0, "depth": 1, "mod_reports": [], "subreddit_type": "public", "ups": 2}}, {"kind": "t1", "data": {"subreddit_id": "t5_2u6os", "removal_reason": null, "link_id": "t3_64v0o2", "likes": null, "replies": "", "user_reports": [], "id": "dg69hkz", "gilded": 0, "archived": false, "score": 1, "report_reasons": null, "author": "helloinvader", "parent_id": "t1_dg5hmc2", "subreddit_name_prefixed": "r/Roadcam", "controversiality": 0, "body": "[Either of these ways](http://imgur.com/a/w3oGa) is how it should be done if neither want to stop &amp; let the other out first.", "edited": false, "downs": 0, "body_html": "&lt;div class=\"md\"&gt;&lt;p&gt;&lt;a href=\"http://imgur.com/a/w3oGa\"&gt;Either of these ways&lt;/a&gt; is how it should be done if neither want to stop &amp;amp; let the other out first.&lt;/p&gt;\n&lt;/div&gt;", "subreddit": "Roadcam", "name": "t1_dg69hkz", "score_hidden": false, "stickied": false, "created": 1492048813.0, "created_utc": 1492020013.0, "depth": 1, "mod_reports": [], "subreddit_type": "public", "ups": 1}}], "after": null, "before": null}}, "user_reports": [], "id": "dg5hmc2", "gilded": 0, "archived": false, "score": 12, "report_reasons": null, "author": "MontrealDriving", "parent_id": "t3_64v0o2", "subreddit_name_prefixed": "r/Roadcam", "controversiality": 0, "body": "It's not really all that confusing. That person just doesn't know how to make a left turn without cutting it by like ten feet. If they hadn't cut the turn, the two of you could possibly have both turned without conflict.", "edited": false, "downs": 0, "body_html": "&lt;div class=\"md\"&gt;&lt;p&gt;It&amp;#39;s not really all that confusing. That person just doesn&amp;#39;t know how to make a left turn without cutting it by like ten feet. If they hadn&amp;#39;t cut the turn, the two of you could possibly have both turned without conflict.&lt;/p&gt;\n&lt;/div&gt;", "subreddit": "Roadcam", "name": "t1_dg5hmc2", "score_hidden": false, "stickied": false, "created": 1492001391.0, "created_utc": 1491972591.0, "depth": 0, "mod_reports": [], "subreddit_type": "public", "ups": 12}}, {"kind": "t1", "data": {"subreddit_id": "t5_2u6os", "removal_reason": null, "link_id": "t3_64v0o2", "likes": null, "replies": {"kind": "Listing", "data": {"modhash": "", "children": [{"kind": "t1", "data": {"subreddit_id": "t5_2u6os", "removal_reason": null, "link_id": "t3_64v0o2", "likes": null, "replies": {"kind": "Listing", "data": {"modhash": "", "children": [{"kind": "t1", "data": {"subreddit_id": "t5_2u6os", "removal_reason": null, "link_id": "t3_64v0o2", "likes": null, "replies": "", "user_reports": [], "id": "dg5zonm", "gilded": 0, "archived": false, "score": 1, "report_reasons": null, "author": "Justifiably", "parent_id": "t1_dg5ycpg", "subreddit_name_prefixed": "r/Roadcam", "controversiality": 0, "body": "Spot on.", "edited": false, "downs": 0, "body_html": "&lt;div class=\"md\"&gt;&lt;p&gt;Spot on.&lt;/p&gt;\n&lt;/div&gt;", "subreddit": "Roadcam", "name": "t1_dg5zonm", "score_hidden": false, "stickied": false, "created": 1492038540.0, "created_utc": 1492009740.0, "depth": 2, "mod_reports": [], "subreddit_type": "public", "ups": 1}}], "after": null, "before": null}}, "user_reports": [], "id": "dg5ycpg", "gilded": 0, "archived": false, "score": 2, "report_reasons": null, "author": "Yofi", "parent_id": "t1_dg5d49l", "subreddit_name_prefixed": "r/Roadcam", "controversiality": 0, "body": "I was guessing Persian.", "edited": false, "downs": 0, "body_html": "&lt;div class=\"md\"&gt;&lt;p&gt;I was guessing Persian.&lt;/p&gt;\n&lt;/div&gt;", "subreddit": "Roadcam", "name": "t1_dg5ycpg", "score_hidden": false, "stickied": false, "created": 1492037035.0, "created_utc": 1492008235.0, "depth": 1, "mod_reports": [], "subreddit_type": "public", "ups": 2}}], "after": null, "before": null}}, "user_reports": [], "id": "dg5d49l", "gilded": 0, "archived": false, "score": 2, "report_reasons": null, "author": "1q8b", "parent_id": "t3_64v0o2", "subreddit_name_prefixed": "r/Roadcam", "controversiality": 0, "body": "Vladivostok FM", "edited": false, "downs": 0, "body_html": "&lt;div class=\"md\"&gt;&lt;p&gt;Vladivostok FM&lt;/p&gt;\n&lt;/div&gt;", "subreddit": "Roadcam", "name": "t1_dg5d49l", "score_hidden": false, "stickied": false, "created": 1491994214.0, "created_utc": 1491965414.0, "depth": 0, "mod_reports": [], "subreddit_type": "public", "ups": 2}}, {"kind": "t1", "data": {"subreddit_id": "t5_2u6os", "removal_reason": null, "link_id": "t3_64v0o2", "likes": null, "replies": "", "user_reports": [], "id": "dg5xtn5", "gilded": 0, "archived": false, "score": -2, "report_reasons": null, "author": "wolvestooth", "parent_id": "t3_64v0o2", "subreddit_name_prefixed": "r/Roadcam", "controversiality": 0, "body": "[Intersection? More like Shitersection, am I right?](http://i.imgur.com/sPwgpLj.gif?noredirect)\n\n", "edited": false, "downs": 0, "body_html": "&lt;div class=\"md\"&gt;&lt;p&gt;&lt;a href=\"http://i.imgur.com/sPwgpLj.gif?noredirect\"&gt;Intersection? More like Shitersection, am I right?&lt;/a&gt;&lt;/p&gt;\n&lt;/div&gt;", "subreddit": "Roadcam", "name": "t1_dg5xtn5", "score_hidden": false, "stickied": false, "created": 1492036420.0, "created_utc": 1492007620.0, "depth": 0, "mod_reports": [], "subreddit_type": "public", "ups": -2}}], "after": null, "before": null}}]